// Jest Snapshot v1, https://goo.gl/fbAQLP

exports[`renders all our icons correctly 1`] = `
<View>
  <Text>
    Test
  </Text>
</View>
`;
